---
source: src/oss/schemas.rs
expression: "(initial_schema_list, schema, second_list, updated, after_delete)"
---
(
    ListSchemasResponse {
        schemas: [
            SchemaInfo {
                name: Some(
                    "default",
                ),
                catalog_name: Some(
                    "unity",
                ),
                comment: Some(
                    "Default schema",
                ),
                properties: Some(
                    {},
                ),
                full_name: Some(
                    "unity.default",
                ),
                created_at: Some(
                    TIMESTAMP,
                ),
                updated_at: None,
                schema_id: Some(
                    "PID",
                ),
            },
        ],
        next_page_token: None,
    },
    SchemaInfo {
        name: Some(
            "myschema",
        ),
        catalog_name: Some(
            "unity",
        ),
        comment: None,
        properties: None,
        full_name: Some(
            "unity.myschema",
        ),
        created_at: Some(
            TIMESTAMP,
        ),
        updated_at: None,
        schema_id: Some(
            "PID",
        ),
    },
    ListSchemasResponse {
        schemas: [
            SchemaInfo {
                name: Some(
                    "default",
                ),
                catalog_name: Some(
                    "unity",
                ),
                comment: Some(
                    "Default schema",
                ),
                properties: Some(
                    {},
                ),
                full_name: Some(
                    "unity.default",
                ),
                created_at: Some(
                    TIMESTAMP,
                ),
                updated_at: None,
                schema_id: Some(
                    "PID",
                ),
            },
            SchemaInfo {
                name: Some(
                    "myschema",
                ),
                catalog_name: Some(
                    "unity",
                ),
                comment: None,
                properties: Some(
                    {},
                ),
                full_name: Some(
                    "unity.myschema",
                ),
                created_at: Some(
                    TIMESTAMP,
                ),
                updated_at: None,
                schema_id: Some(
                    "PID",
                ),
            },
        ],
        next_page_token: None,
    },
    SchemaInfo {
        name: Some(
            "myschema",
        ),
        catalog_name: Some(
            "unity",
        ),
        comment: Some(
            "New comment",
        ),
        properties: Some(
            {},
        ),
        full_name: Some(
            "unity.myschema",
        ),
        created_at: Some(
            TIMESTAMP,
        ),
        updated_at: Some(
            TIMESTAMP,
        ),
        schema_id: Some(
            "PID",
        ),
    },
    ListSchemasResponse {
        schemas: [
            SchemaInfo {
                name: Some(
                    "default",
                ),
                catalog_name: Some(
                    "unity",
                ),
                comment: Some(
                    "Default schema",
                ),
                properties: Some(
                    {},
                ),
                full_name: Some(
                    "unity.default",
                ),
                created_at: Some(
                    TIMESTAMP,
                ),
                updated_at: None,
                schema_id: Some(
                    "PID",
                ),
            },
        ],
        next_page_token: None,
    },
)
